Archive member included because of file (symbol)

c:/davev4-64bit/dave-4.3.2/eclipse/arm-gcc-49/bin/../lib/gcc/arm-none-eabi/4.9.3/armv7e-m/softfp\libgcc.a(_arm_addsubdf3.o)
                              ./sensor/Sensor_Temperature.o (__aeabi_dsub)
c:/davev4-64bit/dave-4.3.2/eclipse/arm-gcc-49/bin/../lib/gcc/arm-none-eabi/4.9.3/armv7e-m/softfp\libgcc.a(_arm_muldivdf3.o)
                              ./sensor/Sensor_Temperature.o (__aeabi_dmul)
c:/davev4-64bit/dave-4.3.2/eclipse/arm-gcc-49/bin/../lib/gcc/arm-none-eabi/4.9.3/armv7e-m/softfp\libgcc.a(_arm_cmpdf2.o)
                              ./sensor/Sensor_Temperature.o (__aeabi_dcmpgt)
c:/davev4-64bit/dave-4.3.2/eclipse/arm-gcc-49/bin/../lib/gcc/arm-none-eabi/4.9.3/../../../../arm-none-eabi/lib/armv7e-m/softfp\libg_nano.a(lib_a-errno.o)
                              ./Libraries/Newlib/syscalls.o (__errno)
c:/davev4-64bit/dave-4.3.2/eclipse/arm-gcc-49/bin/../lib/gcc/arm-none-eabi/4.9.3/../../../../arm-none-eabi/lib/armv7e-m/softfp\libg_nano.a(lib_a-impure.o)
                              c:/davev4-64bit/dave-4.3.2/eclipse/arm-gcc-49/bin/../lib/gcc/arm-none-eabi/4.9.3/../../../../arm-none-eabi/lib/armv7e-m/softfp\libg_nano.a(lib_a-errno.o) (_impure_ptr)
c:/davev4-64bit/dave-4.3.2/eclipse/arm-gcc-49/bin/../lib/gcc/arm-none-eabi/4.9.3/../../../../arm-none-eabi/lib/armv7e-m/softfp\libg_nano.a(lib_a-init.o)
                              ./Startup/startup_XMC4800.o (__libc_init_array)
c:/davev4-64bit/dave-4.3.2/eclipse/arm-gcc-49/bin/../lib/gcc/arm-none-eabi/4.9.3/../../../../arm-none-eabi/lib/armv7e-m/softfp\libg_nano.a(lib_a-memcpy.o)
                              ./Libraries/XMCLib/src/xmc_eth_mac.o (memcpy)
c:/davev4-64bit/dave-4.3.2/eclipse/arm-gcc-49/bin/../lib/gcc/arm-none-eabi/4.9.3/../../../../arm-none-eabi/lib/armv7e-m/softfp\libg_nano.a(lib_a-memset.o)
                              ./Libraries/XMCLib/src/xmc_usbd.o (memset)

Allocating common symbols
Common symbol       size              file

dma0_event_handlers
                    0x20              ./Libraries/XMCLib/src/xmc_dma.o
pipe                0x1c0             ./Libraries/XMCLib/src/xmc_usbh.o
dma1_event_handlers
                    0x10              ./Libraries/XMCLib/src/xmc_dma.o
event_handler_list  0x80              ./Libraries/XMCLib/src/xmc4_scu.o
is_nack             0xe               ./Libraries/XMCLib/src/xmc_usbh.o
SensorHallCallback  0x4               ./sensor/Sensor.o
SensorVoltages      0x2               ./sensor/Sensor_Temperature.o
usbd_init           0x4               ./Libraries/XMCLib/src/xmc_usbd.o
MeasurementRunning  0x1               ./sensor/Sensor_Temperature.o
xmc_device          0x208             ./Libraries/XMCLib/src/xmc_usbd.o
ActiveHallPattern   0x3               ./sensor/Sensor.o

Discarded input sections

 .text          0x00000000        0x0 ./sensor/Sensor.o
 .data          0x00000000        0x0 ./sensor/Sensor.o
 .bss           0x00000000        0x0 ./sensor/Sensor.o
 .text.Sensor_StopAll
                0x00000000        0xc ./sensor/Sensor.o
 .text.Sensor_GetVelocity
                0x00000000       0x18 ./sensor/Sensor.o
 .text.Sensor_GetAngle
                0x00000000       0x18 ./sensor/Sensor.o
 .comment       0x00000000       0x71 ./sensor/Sensor.o
 .text          0x00000000        0x0 ./sensor/Sensor_Hall.o
 .data          0x00000000        0x0 ./sensor/Sensor_Hall.o
 .bss           0x00000000        0x0 ./sensor/Sensor_Hall.o
 .text.XMC_CCU4_SLICE_StopTimer
                0x00000000       0x18 ./sensor/Sensor_Hall.o
 .text.XMC_POSIF_Stop
                0x00000000       0x18 ./sensor/Sensor_Hall.o
 .text.Sensor_Hall_Stop
                0x00000000       0x1c ./sensor/Sensor_Hall.o
 .comment       0x00000000       0x71 ./sensor/Sensor_Hall.o
 .text          0x00000000        0x0 ./sensor/Sensor_QuadratureDecoder.o
 .data          0x00000000        0x0 ./sensor/Sensor_QuadratureDecoder.o
 .bss           0x00000000        0x0 ./sensor/Sensor_QuadratureDecoder.o
 .text.NVIC_EnableIRQ
                0x00000000       0x30 ./sensor/Sensor_QuadratureDecoder.o
 .text.NVIC_SetPriority
                0x00000000       0x54 ./sensor/Sensor_QuadratureDecoder.o
 .text.XMC_POSIF_Start
                0x00000000       0x18 ./sensor/Sensor_QuadratureDecoder.o
 .text.XMC_CCU4_StartPrescaler
                0x00000000       0x20 ./sensor/Sensor_QuadratureDecoder.o
 .text.XMC_CCU4_EnableClock
                0x00000000       0x28 ./sensor/Sensor_QuadratureDecoder.o
 .text.XMC_CCU4_SLICE_StartTimer
                0x00000000       0x18 ./sensor/Sensor_QuadratureDecoder.o
 .text.XMC_CCU4_SLICE_SetTimerPeriodMatch
                0x00000000       0x1c ./sensor/Sensor_QuadratureDecoder.o
 .text.XMC_CCU4_SLICE_SetTimerCompareMatch
                0x00000000       0x1c ./sensor/Sensor_QuadratureDecoder.o
 .text.XMC_CCU4_EnableShadowTransfer
                0x00000000       0x1c ./sensor/Sensor_QuadratureDecoder.o
 .text.XMC_CCU4_SLICE_EnableEvent
[...]
Memory Configuration

Name             Origin             Length             Attributes
FLASH_1_cached   0x08000000         0x00200000         xr
FLASH_1_uncached 0x0c000000         0x00200000         xr
PSRAM_1          0x1ffe8000         0x00018000         !xr
DSRAM_1_system   0x20000000         0x00020000         !xr
DSRAM_2_comm     0x20020000         0x00020000         !xr
SRAM_combined    0x1ffe8000         0x00058000         !xr
*default*        0x00000000         0xffffffff

Linker script and memory map

LOAD ./sensor/Sensor.o
LOAD ./sensor/Sensor_Hall.o
LOAD ./sensor/Sensor_QuadratureDecoder.o
LOAD ./sensor/Sensor_Temperature.o
LOAD ./motor/Motor.o
LOAD ./motor/Motor_PWMSchemes.o
LOAD ./Startup/startup_XMC4800.o
LOAD ./Startup/system_XMC4800.o
LOAD ./Libraries/XMCLib/src/xmc4_eru.o
LOAD ./Libraries/XMCLib/src/xmc4_flash.o
LOAD ./Libraries/XMCLib/src/xmc4_gpio.o
LOAD ./Libraries/XMCLib/src/xmc4_rtc.o
LOAD ./Libraries/XMCLib/src/xmc4_scu.o
LOAD ./Libraries/XMCLib/src/xmc_can.o
LOAD ./Libraries/XMCLib/src/xmc_ccu4.o
LOAD ./Libraries/XMCLib/src/xmc_ccu8.o
LOAD ./Libraries/XMCLib/src/xmc_common.o
LOAD ./Libraries/XMCLib/src/xmc_dac.o
LOAD ./Libraries/XMCLib/src/xmc_dma.o
LOAD ./Libraries/XMCLib/src/xmc_dsd.o
LOAD ./Libraries/XMCLib/src/xmc_ebu.o
LOAD ./Libraries/XMCLib/src/xmc_ecat.o
LOAD ./Libraries/XMCLib/src/xmc_eru.o
LOAD ./Libraries/XMCLib/src/xmc_eth_mac.o
LOAD ./Libraries/XMCLib/src/xmc_fce.o
LOAD ./Libraries/XMCLib/src/xmc_gpio.o
LOAD ./Libraries/XMCLib/src/xmc_hrpwm.o
LOAD ./Libraries/XMCLib/src/xmc_i2c.o
LOAD ./Libraries/XMCLib/src/xmc_i2s.o
LOAD ./Libraries/XMCLib/src/xmc_ledts.o
LOAD ./Libraries/XMCLib/src/xmc_posif.o
LOAD ./Libraries/XMCLib/src/xmc_rtc.o
LOAD ./Libraries/XMCLib/src/xmc_sdmmc.o
LOAD ./Libraries/XMCLib/src/xmc_spi.o
LOAD ./Libraries/XMCLib/src/xmc_uart.o
LOAD ./Libraries/XMCLib/src/xmc_usbd.o
LOAD ./Libraries/XMCLib/src/xmc_usbh.o
LOAD ./Libraries/XMCLib/src/xmc_usic.o
LOAD ./Libraries/XMCLib/src/xmc_vadc.o
LOAD ./Libraries/XMCLib/src/xmc_wdt.o
LOAD ./Libraries/Newlib/syscalls.o
LOAD ./main.o
LOAD c:/davev4-64bit/dave-4.3.2/eclipse/arm-gcc-49/bin/../lib/gcc/arm-none-eabi/4.9.3/../../../../arm-none-eabi/lib/armv7e-m/softfp\libm.a
START GROUP
LOAD c:/davev4-64bit/dave-4.3.2/eclipse/arm-gcc-49/bin/../lib/gcc/arm-none-eabi/4.9.3/armv7e-m/softfp\libgcc.a
LOAD c:/davev4-64bit/dave-4.3.2/eclipse/arm-gcc-49/bin/../lib/gcc/arm-none-eabi/4.9.3/../../../../arm-none-eabi/lib/armv7e-m/softfp\libg_nano.a
LOAD c:/davev4-64bit/dave-4.3.2/eclipse/arm-gcc-49/bin/../lib/gcc/arm-none-eabi/4.9.3/../../../../arm-none-eabi/lib/armv7e-m/softfp\libc_nano.a
END GROUP
START GROUP
LOAD c:/davev4-64bit/dave-4.3.2/eclipse/arm-gcc-49/bin/../lib/gcc/arm-none-eabi/4.9.3/armv7e-m/softfp\libgcc.a
LOAD c:/davev4-64bit/dave-4.3.2/eclipse/arm-gcc-49/bin/../lib/gcc/arm-none-eabi/4.9.3/../../../../arm-none-eabi/lib/armv7e-m/softfp\libc_nano.a
LOAD c:/davev4-64bit/dave-4.3.2/eclipse/arm-gcc-49/bin/../lib/gcc/arm-none-eabi/4.9.3/../../../../arm-none-eabi/lib/armv7e-m/softfp\libnosys.a
END GROUP
START GROUP
LOAD c:/davev4-64bit/dave-4.3.2/eclipse/arm-gcc-49/bin/../lib/gcc/arm-none-eabi/4.9.3/armv7e-m/softfp\libgcc.a
LOAD c:/davev4-64bit/dave-4.3.2/eclipse/arm-gcc-49/bin/../lib/gcc/arm-none-eabi/4.9.3/../../../../arm-none-eabi/lib/armv7e-m/softfp\libc_nano.a
LOAD c:/davev4-64bit/dave-4.3.2/eclipse/arm-gcc-49/bin/../lib/gcc/arm-none-eabi/4.9.3/../../../../arm-none-eabi/lib/armv7e-m/softfp\libnosys.a
END GROUP
                0x00000800                stack_size = DEFINED (stack_size)?stack_size:0x800
                0x00000040                no_init_size = 0x40

.text           0x08000000     0x2a74 load address 0x0c000000
                0x08000000                sText = .
 *(.reset)
 .reset         0x08000000      0x29c ./Startup/startup_XMC4800.o
                0x08000000                __Vectors
                0x08000200                Reset_Handler
                0x08000298                DSD0_7_IRQHandler
                0x08000298                DebugMon_Handler
                0x08000298                VADC0_C0_0_IRQHandler
                0x08000298                CAN0_4_IRQHandler
                0x08000298                VADC0_G2_0_IRQHandler
                0x08000298                USIC0_5_IRQHandler
                0x08000298                POSIF1_0_IRQHandler
                0x08000298                HardFault_Handler
                0x08000298                VADC0_G1_1_IRQHandler
                0x08000298                SysTick_Handler
                0x08000298                PendSV_Handler
                0x08000298                NMI_Handler
                0x08000298                USIC1_3_IRQHandler
                0x08000298                CCU40_2_IRQHandler
                0x08000298                SCU_0_IRQHandler
                0x08000298                ERU0_0_IRQHandler
                0x08000298                USIC1_5_IRQHandler
                0x08000298                DSD0_4_IRQHandler
                0x08000298                CCU80_1_IRQHandler
                0x08000298                CCU81_0_IRQHandler
                0x08000298                UsageFault_Handler
                0x08000298                USIC0_0_IRQHandler
                0x08000298                POSIF1_1_IRQHandler
                0x08000298                ERU0_2_IRQHandler
                0x08000298                CCU81_1_IRQHandler
                0x08000298                ERU1_1_IRQHandler
                0x08000298                VADC0_G2_3_IRQHandler
                0x08000298                VADC0_G2_2_IRQHandler
                0x08000298                CCU42_3_IRQHandler
                0x08000298                ERU0_3_IRQHandler
                0x08000298                DSD0_5_IRQHandler
                0x08000298                VADC0_C0_3_IRQHandler
                0x08000298                CAN0_6_IRQHandler
                0x08000298                CCU43_0_IRQHandler
                0x08000298                VADC0_G0_1_IRQHandler
                0x08000298                CCU81_2_IRQHandler
                0x08000298                USIC2_4_IRQHandler
                0x08000298                CCU81_3_IRQHandler
                0x08000298                CCU42_1_IRQHandler
                0x08000298                USIC1_1_IRQHandler
                0x08000298                USIC2_5_IRQHandler
                0x08000298                CCU40_0_IRQHandler
                0x08000298                CAN0_0_IRQHandler
                0x08000298                ERU1_0_IRQHandler
                0x08000298                CCU42_2_IRQHandler
                0x08000298                Default_Handler
                0x08000298                USIC1_4_IRQHandler
                0x08000298                ERU1_3_IRQHandler
                0x08000298                USIC1_0_IRQHandler
                0x08000298                POSIF0_1_IRQHandler
                0x08000298                VADC0_G0_0_IRQHandler
                0x08000298                DSD0_2_IRQHandler
                0x08000298                CCU80_3_IRQHandler
                0x08000298                CCU41_3_IRQHandler
                0x08000298                CCU80_2_IRQHandler
                0x08000298                VADC0_G1_3_IRQHandler
                0x08000298                VADC0_G0_3_IRQHandler
                0x08000298                GPDMA0_0_IRQHandler
                0x08000298                PMU0_0_IRQHandler
                0x08000298                CAN0_7_IRQHandler
                0x08000298                DSD0_1_IRQHandler
                0x08000298                CCU41_2_IRQHandler
                0x08000298                VADC0_C0_1_IRQHandler
                0x08000298                CCU43_2_IRQHandler
                0x08000298                USIC2_2_IRQHandler
                0x08000298                MemManage_Handler
                0x08000298                VADC0_G3_1_IRQHandler
                0x08000298                DAC0_0_IRQHandler
                0x08000298                SVC_Handler
                0x08000298                VADC0_G3_3_IRQHandler
                0x08000298                ERU1_2_IRQHandler
                0x08000298                CCU41_1_IRQHandler
                0x08000298                DSD0_6_IRQHandler
                0x08000298                CCU43_1_IRQHandler
                0x08000298                VADC0_G1_2_IRQHandler
                0x08000298                USIC2_3_IRQHandler
                0x08000298                CAN0_2_IRQHandler
                0x08000298                USIC2_0_IRQHandler
                0x08000298                VADC0_G0_2_IRQHandler
                0x08000298                ECAT0_0_IRQHandler
                0x08000298                VADC0_G2_1_IRQHandler
                0x08000298                CAN0_3_IRQHandler
                0x08000298                ETH0_0_IRQHandler
                0x08000298                USIC0_3_IRQHandler
                0x08000298                DSD0_0_IRQHandler
                0x08000298                CCU42_0_IRQHandler
                0x08000298                FCE0_0_IRQHandler
                0x08000298                VADC0_G1_0_IRQHandler
                0x08000298                USB0_0_IRQHandler
                0x08000298                CAN0_5_IRQHandler
                0x08000298                CCU80_0_IRQHandler
                0x08000298                CCU40_1_IRQHandler
                0x08000298                USIC2_1_IRQHandler
                0x08000298                USIC0_1_IRQHandler
                0x08000298                VADC0_G3_2_IRQHandler
                0x08000298                CCU40_3_IRQHandler
                0x08000298                BusFault_Handler
                0x08000298                LEDTS0_0_IRQHandler
                0x08000298                USIC0_4_IRQHandler
                0x08000298                CCU43_3_IRQHandler
                0x08000298                ERU0_1_IRQHandler
                0x08000298                VADC0_G3_0_IRQHandler
                0x08000298                USIC1_2_IRQHandler
                0x08000298                DSD0_3_IRQHandler
                0x08000298                SDMMC0_0_IRQHandler
                0x08000298                CAN0_1_IRQHandler
                0x08000298                USIC0_2_IRQHandler
                0x08000298                DAC0_1_IRQHandler
                0x08000298                GPDMA1_0_IRQHandler
 *(.text .text.* .gnu.linkonce.t.*)
 .text.Sensor_Init
                0x0800029c       0x10 ./sensor/Sensor.o
                0x0800029c                Sensor_Init
 .text.Sensor_StartAll
                0x080002ac        0xc ./sensor/Sensor.o
                0x080002ac                Sensor_StartAll
 .text.Sensor_SetDirection
                0x080002b8       0x18 ./sensor/Sensor.o
                0x080002b8                Sensor_SetDirection
 .text.Sensor_RegisterHallCallback
                0x080002d0       0x20 ./sensor/Sensor.o
                0x080002d0                Sensor_RegisterHallCallback
 .text.Sensor_GetCurrentHallPattern
                0x080002f0       0x28 ./sensor/Sensor.o
                0x080002f0                Sensor_GetCurrentHallPattern
 .text.Sensor_GetTemperature
                0x08000318       0x20 ./sensor/Sensor.o
                0x08000318                Sensor_GetTemperature
 .text.NVIC_EnableIRQ
                0x08000338       0x30 ./sensor/Sensor_Hall.o
 .text.NVIC_SetPriority
                0x08000368       0x54 ./sensor/Sensor_Hall.o
 .text.XMC_CCU4_StartPrescaler
                0x080003bc       0x20 ./sensor/Sensor_Hall.o
 .text.XMC_CCU4_EnableClock
                0x080003dc       0x28 ./sensor/Sensor_Hall.o
 .text.XMC_CCU4_SLICE_StartTimer
                0x08000404       0x18 ./sensor/Sensor_Hall.o
 .text.XMC_CCU4_SLICE_SetTimerPeriodMatch
                0x0800041c       0x1c ./sensor/Sensor_Hall.o
 .text.XMC_CCU4_SLICE_SetTimerCompareMatch
                0x08000438       0x1c ./sensor/Sensor_Hall.o
 .text.XMC_CCU4_EnableShadowTransfer
                0x08000454       0x1c ./sensor/Sensor_Hall.o
 .text.XMC_POSIF_Start
                0x08000470       0x18 ./sensor/Sensor_Hall.o
 .text.XMC_POSIF_HSC_GetExpectedPattern
                0x08000488       0x20 ./sensor/Sensor_Hall.o
 .text.XMC_POSIF_HSC_SetHallPatterns
                0x080004a8       0x20 ./sensor/Sensor_Hall.o
 .text.XMC_POSIF_HSC_UpdateHallPattern
                0x080004c8       0x18 ./sensor/Sensor_Hall.o
 .text.XMC_POSIF_EnableEvent
                0x080004e0       0x28 ./sensor/Sensor_Hall.o
 .text.XMC_POSIF_ClearEvent
                0x08000508       0x20 ./sensor/Sensor_Hall.o
 .text.XMC_GPIO_ToggleOutput
                0x08000528       0x24 ./sensor/Sensor_Hall.o
 .text.XMC_GPIO_GetInput
                0x0800054c       0x28 ./sensor/Sensor_Hall.o
 .text.Sensor_Hall_InitPattern
                0x08000574       0x84 ./sensor/Sensor_Hall.o
                0x08000574                Sensor_Hall_InitPattern
 .text.Sensor_Hall_SetActivePattern
                0x080005f8       0x40 ./sensor/Sensor_Hall.o
                0x080005f8                Sensor_Hall_SetActivePattern
 .text.Sensor_Hall_GetPattern
                0x08000638       0x44 ./sensor/Sensor_Hall.o
                0x08000638                Sensor_Hall_GetPattern
 .text.Sensor_GetDirection
                0x0800067c       0x18 ./sensor/Sensor_Hall.o
                0x0800067c                Sensor_GetDirection
 .text.POSIF0_0_IRQHandler
                0x08000694       0x70 ./sensor/Sensor_Hall.o
                0x08000694                POSIF0_0_IRQHandler
 .text.Sensor_Hall_Init
                0x08000704      0x114 ./sensor/Sensor_Hall.o
                0x08000704                Sensor_Hall_Init
 .text.Sensor_Hall_Start
                0x08000818       0x1c ./sensor/Sensor_Hall.o
                0x08000818                Sensor_Hall_Start
 .text.Sensor_Hall_SetDirection
                0x08000834       0x20 ./sensor/Sensor_Hall.o
                0x08000834                Sensor_Hall_SetDirection
 .text.XMC_CCU4_SLICE_ClearEvent
                0x08000854       0x2c ./sensor/Sensor_QuadratureDecoder.o
 .text.CCU41_0_IRQHandler
                0x08000880       0x30 ./sensor/Sensor_QuadratureDecoder.o
                0x08000880                CCU41_0_IRQHandler
 .text.NVIC_GetPriorityGrouping
                0x080008b0       0x1c ./sensor/Sensor_Temperature.o
 .text.NVIC_EnableIRQ
                0x080008cc       0x30 ./sensor/Sensor_Temperature.o
 .text.NVIC_SetPriority
                0x080008fc       0x54 ./sensor/Sensor_Temperature.o
 .text.NVIC_EncodePriority
                0x08000950       0x64 ./sensor/Sensor_Temperature.o
 .text.XMC_VADC_GLOBAL_DisablePostCalibration
                0x080009b4       0x2c ./sensor/Sensor_Temperature.o
 .text.XMC_VADC_GLOBAL_BackgroundTriggerConversion
                0x080009e0       0x24 ./sensor/Sensor_Temperature.o
 .text.XMC_VADC_GLOBAL_BackgroundAddChannelToSequence
                0x08000a04       0x38 ./sensor/Sensor_Temperature.o
 .text.XMC_VADC_GROUP_ResultInit
                0x08000a3c       0x24 ./sensor/Sensor_Temperature.o
 .text.XMC_VADC_GROUP_GetResult
                0x08000a60       0x24 ./sensor/Sensor_Temperature.o
 .text.Sensor_Temperature_ADC_InitGlobal
                0x08000a84       0x40 ./sensor/Sensor_Temperature.o
                0x08000a84                Sensor_Temperature_ADC_InitGlobal
 .text.Sensor_Temperature_ADC_InitMeasurements
                0x08000ac4       0xf8 ./sensor/Sensor_Temperature.o
                0x08000ac4                Sensor_Temperature_ADC_InitMeasurements
 .text.Sensor_Temperature_ADC_StartConversion
                0x08000bbc       0x10 ./sensor/Sensor_Temperature.o
                0x08000bbc                Sensor_Temperature_ADC_StartConversion
 .text.Sensor_Temperature_ADC_GetConversionResult
                0x08000bcc       0x2c ./sensor/Sensor_Temperature.o
                0x08000bcc                Sensor_Temperature_ADC_GetConversionResult
 .text.Sensor_Temperature_ConvertToVoltage
                0x08000bf8       0x40 ./sensor/Sensor_Temperature.o
                0x08000bf8                Sensor_Temperature_ConvertToVoltage
 .text.VADC0_C0_2_IRQHandler
                0x08000c38       0x28 ./sensor/Sensor_Temperature.o
                0x08000c38                VADC0_C0_2_IRQHandler
 .text.Sensor_Temperature_Init
                0x08000c60       0x10 ./sensor/Sensor_Temperature.o
                0x08000c60                Sensor_Temperature_Init
 .text.Sensor_Temperature_Calculate
                0x08000c70       0xe0 ./sensor/Sensor_Temperature.o
                0x08000c70                Sensor_Temperature_Calculate
 .text.XMC_GPIO_SetOutputLow
                0x08000d50       0x24 ./motor/Motor.o
 .text.Motor_ClearOutputs
                0x08000d74       0x3c ./motor/Motor.o
                0x08000d74                Motor_ClearOutputs
 .text.Motor_Main
                0x08000db0       0x80 ./motor/Motor.o
                0x08000db0                Motor_Main
 .text.Motor_Init
                0x08000e30       0x68 ./motor/Motor.o
                0x08000e30                Motor_Init
 .text.XMC_GPIO_SetOutputHigh
                0x08000e98       0x20 ./motor/Motor_PWMSchemes.o
 .text.XMC_GPIO_SetOutputLow
                0x08000eb8       0x24 ./motor/Motor_PWMSchemes.o
 .text.Motor_Scheme_Default
                0x08000edc       0xe0 ./motor/Motor_PWMSchemes.o
                0x08000edc                Motor_Scheme_Default
 .text.delay    0x08000fbc       0x28 ./Startup/system_XMC4800.o
 .text.SystemInit
                0x08000fe4       0x20 ./Startup/system_XMC4800.o
                0x08000fe4                SystemInit
 .text.SystemCoreSetup
                0x08001004       0x70 ./Startup/system_XMC4800.o
                0x08001004                SystemCoreSetup
 .text.SystemCoreClockSetup
                0x08001074      0x2e0 ./Startup/system_XMC4800.o
                0x08001074                SystemCoreClockSetup
 .text.SystemCoreClockUpdate
                0x08001354       0xd4 ./Startup/system_XMC4800.o
                0x08001354                SystemCoreClockUpdate
 .text.OSCHP_GetFrequency
                0x08001428       0x14 ./Startup/system_XMC4800.o
                0x08001428                OSCHP_GetFrequency
 .text.XMC_GPIO_Init
                0x0800143c      0x140 ./Libraries/XMCLib/src/xmc4_gpio.o
                0x0800143c                XMC_GPIO_Init
 .text.XMC_SCU_RESET_DeassertPeripheralReset
                0x0800157c       0x38 ./Libraries/XMCLib/src/xmc4_scu.o
                0x0800157c                XMC_SCU_RESET_DeassertPeripheralReset
 .text.XMC_SCU_CLOCK_EnableClock
                0x080015b4       0x20 ./Libraries/XMCLib/src/xmc4_scu.o
                0x080015b4                XMC_SCU_CLOCK_EnableClock
 .text.XMC_SCU_CLOCK_UngatePeripheralClock
                0x080015d4       0x38 ./Libraries/XMCLib/src/xmc4_scu.o
                0x080015d4                XMC_SCU_CLOCK_UngatePeripheralClock
 .text.XMC_CCU4_StartPrescaler
                0x0800160c       0x20 ./Libraries/XMCLib/src/xmc_ccu4.o
 .text.XMC_CCU4_lDeassertReset
                0x0800162c       0x68 ./Libraries/XMCLib/src/xmc_ccu4.o
 .text.XMC_CCU4_lUngateClock
                0x08001694       0x68 ./Libraries/XMCLib/src/xmc_ccu4.o
 .text.XMC_CCU4_EnableModule
                0x080016fc       0x20 ./Libraries/XMCLib/src/xmc_ccu4.o
                0x080016fc                XMC_CCU4_EnableModule
 .text.XMC_CCU4_Init
                0x0800171c       0x3c ./Libraries/XMCLib/src/xmc_ccu4.o
                0x0800171c                XMC_CCU4_Init
 .text.XMC_CCU4_SetModuleClock
                0x08001758       0x34 ./Libraries/XMCLib/src/xmc_ccu4.o
                0x08001758                XMC_CCU4_SetModuleClock
 .text.XMC_CCU4_SLICE_CompareInit
                0x0800178c       0x6c ./Libraries/XMCLib/src/xmc_ccu4.o
                0x0800178c                XMC_CCU4_SLICE_CompareInit
 .text.XMC_CCU4_SLICE_CaptureInit
                0x080017f8       0x4c ./Libraries/XMCLib/src/xmc_ccu4.o
                0x080017f8                XMC_CCU4_SLICE_CaptureInit
 .text.XMC_CCU4_SLICE_StartConfig
                0x08001844       0x5c ./Libraries/XMCLib/src/xmc_ccu4.o
                0x08001844                XMC_CCU4_SLICE_StartConfig
 .text.XMC_CCU4_SLICE_Capture0Config
                0x080018a0       0x34 ./Libraries/XMCLib/src/xmc_ccu4.o
                0x080018a0                XMC_CCU4_SLICE_Capture0Config
 .text.XMC_CCU4_SLICE_ConfigureEvent
                0x080018d4       0xd4 ./Libraries/XMCLib/src/xmc_ccu4.o
                0x080018d4                XMC_CCU4_SLICE_ConfigureEvent
 .text.XMC_CCU4_SLICE_GetCaptureRegisterValue
                0x080019a8       0x24 ./Libraries/XMCLib/src/xmc_ccu4.o
                0x080019a8                XMC_CCU4_SLICE_GetCaptureRegisterValue
 .text.XMC_GPIO_SetMode
                0x080019cc       0x80 ./Libraries/XMCLib/src/xmc_gpio.o
                0x080019cc                XMC_GPIO_SetMode
 .text.XMC_POSIF_Stop
                0x08001a4c       0x18 ./Libraries/XMCLib/src/xmc_posif.o
 .text.XMC_POSIF_Enable
                0x08001a64       0x50 ./Libraries/XMCLib/src/xmc_posif.o
                0x08001a64                XMC_POSIF_Enable
 .text.XMC_POSIF_Init
                0x08001ab4       0x24 ./Libraries/XMCLib/src/xmc_posif.o
                0x08001ab4                XMC_POSIF_Init
 .text.XMC_POSIF_HSC_Init
                0x08001ad8       0x40 ./Libraries/XMCLib/src/xmc_posif.o
                0x08001ad8                XMC_POSIF_HSC_Init
 .text.XMC_POSIF_SetInterruptNode
                0x08001b18       0x48 ./Libraries/XMCLib/src/xmc_posif.o
                0x08001b18                XMC_POSIF_SetInterruptNode
 .text.XMC_VADC_GROUP_ExternalMuxControlInit
                0x08001b60       0x7c ./Libraries/XMCLib/src/xmc_vadc.o
 .text.XMC_VADC_GROUP_BackgroundEnableArbitrationSlot
                0x08001bdc       0x24 ./Libraries/XMCLib/src/xmc_vadc.o
 .text.XMC_VADC_GROUP_BackgroundDisableArbitrationSlot
                0x08001c00       0x24 ./Libraries/XMCLib/src/xmc_vadc.o
 .text.XMC_VADC_GLOBAL_EnableModule
                0x08001c24       0x14 ./Libraries/XMCLib/src/xmc_vadc.o
                0x08001c24                XMC_VADC_GLOBAL_EnableModule
 .text.XMC_VADC_GLOBAL_Init
                0x08001c38       0x54 ./Libraries/XMCLib/src/xmc_vadc.o
                0x08001c38                XMC_VADC_GLOBAL_Init
 .text.XMC_VADC_GLOBAL_InputClassInit
                0x08001c8c       0x48 ./Libraries/XMCLib/src/xmc_vadc.o
                0x08001c8c                XMC_VADC_GLOBAL_InputClassInit
 .text.XMC_VADC_GLOBAL_StartupCalibration
                0x08001cd4       0x60 ./Libraries/XMCLib/src/xmc_vadc.o
                0x08001cd4                XMC_VADC_GLOBAL_StartupCalibration
 .text.XMC_VADC_GLOBAL_BackgroundSetReqSrcEventInterruptNode
                0x08001d34       0x48 ./Libraries/XMCLib/src/xmc_vadc.o
                0x08001d34                XMC_VADC_GLOBAL_BackgroundSetReqSrcEventInterruptNode
 .text.XMC_VADC_GROUP_Init
                0x08001d7c       0x68 ./Libraries/XMCLib/src/xmc_vadc.o
                0x08001d7c                XMC_VADC_GROUP_Init
 .text.XMC_VADC_GROUP_InputClassInit
                0x08001de4       0xb8 ./Libraries/XMCLib/src/xmc_vadc.o
                0x08001de4                XMC_VADC_GROUP_InputClassInit
 .text.XMC_VADC_GROUP_SetPowerMode
                0x08001e9c       0x38 ./Libraries/XMCLib/src/xmc_vadc.o
                0x08001e9c                XMC_VADC_GROUP_SetPowerMode
 .text.XMC_VADC_GLOBAL_BackgroundInit
                0x08001ed4       0xfc ./Libraries/XMCLib/src/xmc_vadc.o
                0x08001ed4                XMC_VADC_GLOBAL_BackgroundInit
 .text.XMC_VADC_GROUP_ChannelInit
                0x08001fd0       0xdc ./Libraries/XMCLib/src/xmc_vadc.o
                0x08001fd0                XMC_VADC_GROUP_ChannelInit
 .text.XMC_VADC_GROUP_ChannelSetInputReference
                0x080020ac       0x44 ./Libraries/XMCLib/src/xmc_vadc.o
                0x080020ac                XMC_VADC_GROUP_ChannelSetInputReference
 .text._init    0x080020f0        0xc ./Libraries/Newlib/syscalls.o
                0x080020f0                _init
 .text.main     0x080020fc       0x2c ./main.o
                0x080020fc                main
 .text          0x08002128      0x370 c:/davev4-64bit/dave-4.3.2/eclipse/arm-gcc-49/bin/../lib/gcc/arm-none-eabi/4.9.3/armv7e-m/softfp\libgcc.a(_arm_addsubdf3.o)
                0x08002128                __aeabi_drsub
                0x08002130                __aeabi_dsub
                0x08002130                __subdf3
                0x08002134                __aeabi_dadd
                0x08002134                __adddf3
                0x080023ac                __floatunsidf
                0x080023ac                __aeabi_ui2d
                0x080023cc                __floatsidf
                0x080023cc                __aeabi_i2d
                0x080023f0                __aeabi_f2d
                0x080023f0                __extendsfdf2
                0x0800242c                __floatundidf
                0x0800242c                __aeabi_ul2d
                0x0800243c                __floatdidf
                0x0800243c                __aeabi_l2d
 .text          0x08002498      0x424 c:/davev4-64bit/dave-4.3.2/eclipse/arm-gcc-49/bin/../lib/gcc/arm-none-eabi/4.9.3/armv7e-m/softfp\libgcc.a(_arm_muldivdf3.o)
                0x08002498                __aeabi_dmul
                0x08002498                __muldf3
                0x080026ec                __divdf3
                0x080026ec                __aeabi_ddiv
 .text          0x080028bc      0x110 c:/davev4-64bit/dave-4.3.2/eclipse/arm-gcc-49/bin/../lib/gcc/arm-none-eabi/4.9.3/armv7e-m/softfp\libgcc.a(_arm_cmpdf2.o)
                0x080028bc                __gtdf2
                0x080028bc                __gedf2
                0x080028c4                __ltdf2
                0x080028c4                __ledf2
                0x080028cc                __nedf2
                0x080028cc                __eqdf2
                0x080028cc                __cmpdf2
                0x08002948                __aeabi_cdrcmple
                0x08002958                __aeabi_cdcmpeq
                0x08002958                __aeabi_cdcmple
                0x08002968                __aeabi_dcmpeq
                0x0800297c                __aeabi_dcmplt
                0x08002990                __aeabi_dcmple
                0x080029a4                __aeabi_dcmpge
                0x080029b8                __aeabi_dcmpgt
 .text.__libc_init_array
                0x080029cc       0x4c c:/davev4-64bit/dave-4.3.2/eclipse/arm-gcc-49/bin/../lib/gcc/arm-none-eabi/4.9.3/../../../../arm-none-eabi/lib/armv7e-m/softfp\libg_nano.a(lib_a-init.o)
                0x080029cc                __libc_init_array
 *(.init)
 *(.fini)
 *crtbegin.o(.ctors)
 *crtbegin?.o(.ctors)
 *(EXCLUDE_FILE(*crtend.o *crtend?.o) .ctors)
 *(SORT(.ctors.*))
 *(.ctors)
 *crtbegin.o(.dtors)
 *crtbegin?.o(.dtors)
 *(EXCLUDE_FILE(*crtend.o *crtend?.o) .dtors)
 *(SORT(.dtors.*))
 *(.dtors)
 *(.rodata .rodata.*)
 .rodata.global_config
                0x08002a18       0x18 ./sensor/Sensor_Temperature.o
                0x08002a18                global_config
 .rodata.group_init_handle0
                0x08002a30       0x14 ./sensor/Sensor_Temperature.o
                0x08002a30                group_init_handle0
 .rodata.global_iclass_config
                0x08002a44        0x4 ./sensor/Sensor_Temperature.o
                0x08002a44                global_iclass_config
 .rodata.backgnd_config
                0x08002a48        0xc ./sensor/Sensor_Temperature.o
                0x08002a48                backgnd_config
 .rodata        0x08002a54       0x10 ./motor/Motor.o
 .rodata.g_xmc_vadc_group_array
                0x08002a64       0x10 ./Libraries/XMCLib/src/xmc_vadc.o
 *(.gnu.linkonce.r*)

.glue_7         0x08002a74        0x0 load address 0x0c002a74
 .glue_7        0x00000000        0x0 linker stubs

.glue_7t        0x08002a74        0x0 load address 0x0c002a74
 .glue_7t       0x00000000        0x0 linker stubs

.vfp11_veneer   0x08002a74        0x0 load address 0x0c002a74
 .vfp11_veneer  0x00000000        0x0 linker stubs

.v4_bx          0x08002a74        0x0 load address 0x0c002a74
 .v4_bx         0x00000000        0x0 linker stubs

.iplt           0x08002a74        0x0 load address 0x0c002a74
 .iplt          0x00000000        0x0 ./sensor/Sensor.o

.rel.dyn        0x08002a74        0x0 load address 0x0c002a74
 .rel.iplt      0x00000000        0x0 ./sensor/Sensor.o

.eh_frame_hdr
 *(.eh_frame_hdr)

.eh_frame
 *(.eh_frame)

.ARM.extab
 *(.ARM.extab* .gnu.linkonce.armextab.*)
                0x08002a74                . = ALIGN (0x4)
                0x08002a74                __exidx_start = .

.ARM.exidx
 *(.ARM.exidx* .gnu.linkonce.armexidx.*)
                0x08002a74                __exidx_end = .
                0x08002a74                . = ALIGN (0x4)

Stack           0x1ffe8000      0x800
                0x1ffe8000                __stack_start = .
                0x1ffe8800                . = (. + stack_size)
 *fill*         0x1ffe8000      0x800 
                0x1ffe8800                __stack_end = .
                0x1ffe8800                __initial_sp = .

.ram_code       0x1ffe8800        0x0 load address 0x0c002a74
                0x1ffe8800                . = ALIGN (0x4)
                0x1ffe8800                __ram_code_start = .
 *(.ram_code)
                0x1ffe8800                . = ALIGN (0x4)
                0x1ffe8800                __ram_code_end = .
                0x0c002a74                __ram_code_load = LOADADDR (.ram_code)
                0x00000000                __ram_code_size = (__ram_code_end - __ram_code_start)

.data           0x1ffe8800      0x524 load address 0x0c002a74
                0x1ffe8800                . = ALIGN (0x4)
                0x1ffe8800                __data_start = .
 *(vtable)
 *(.data)
 *(.data*)
 .data.hall_pattern_ccw
                0x1ffe8800        0x8 ./sensor/Sensor_Hall.o
                0x1ffe8800                hall_pattern_ccw
 .data.hall_pattern_cw
                0x1ffe8808        0x8 ./sensor/Sensor_Hall.o
                0x1ffe8808                hall_pattern_cw
 .data.hall_delay_config
                0x1ffe8810        0x8 ./sensor/Sensor_Hall.o
                0x1ffe8810                hall_delay_config
 .data.hall_capture_config
                0x1ffe8818        0x8 ./sensor/Sensor_Hall.o
                0x1ffe8818                hall_capture_config
 .data.hall_start_event0_config
                0x1ffe8820        0x4 ./sensor/Sensor_Hall.o
                0x1ffe8820                hall_start_event0_config
 .data.hall_capture_event0_config
                0x1ffe8824        0x4 ./sensor/Sensor_Hall.o
                0x1ffe8824                hall_capture_event0_config
 .data.POSIF_HALL_config
                0x1ffe8828        0x4 ./sensor/Sensor_Hall.o
                0x1ffe8828                POSIF_HALL_config
 .data.POSIF_HSC_config
                0x1ffe882c        0x4 ./sensor/Sensor_Hall.o
                0x1ffe882c                POSIF_HSC_config
 .data.HALL_POSIF_0_Hall_PadConfig
                0x1ffe8830        0xc ./sensor/Sensor_Hall.o
                0x1ffe8830                HALL_POSIF_0_Hall_PadConfig
 .data.Channel_A_ch_config
                0x1ffe883c       0x10 ./sensor/Sensor_Temperature.o
                0x1ffe883c                Channel_A_ch_config
 .data.Temperature_Sensors
                0x1ffe884c       0x14 ./sensor/Sensor_Temperature.o
                0x1ffe884c                Temperature_Sensors
 .data.TemperatureLookupTable
                0x1ffe8860      0x4b8 ./sensor/Sensor_Temperature.o
                0x1ffe8860                TemperatureLookupTable
 .data.MOTOR_POSIF_0_PadConfig
                0x1ffe8d18        0xc ./motor/Motor.o
                0x1ffe8d18                MOTOR_POSIF_0_PadConfig
 *(*.data)
 *(.gnu.linkonce.d*)
                0x1ffe8d24                . = ALIGN (0x4)
                0x1ffe8d24                PROVIDE (__preinit_array_start, .)
 *(.preinit_array)
                0x1ffe8d24                PROVIDE (__preinit_array_end, .)
                0x1ffe8d24                . = ALIGN (0x4)
                0x1ffe8d24                PROVIDE (__init_array_start, .)
 *(SORT(.init_array.*))
 *(.init_array)
                0x1ffe8d24                PROVIDE (__init_array_end, .)
                0x1ffe8d24                . = ALIGN (0x4)
                0x1ffe8d24                PROVIDE (__fini_array_start, .)
 *(SORT(.fini_array.*))
 *(.fini_array)
                0x1ffe8d24                PROVIDE (__fini_array_end, .)
                0x1ffe8d24                . = ALIGN (0x4)
                0x1ffe8d24                __data_end = .
                0x0c002a74                __data_load = LOADADDR (.data)
                0x00000524                __data_size = (__data_end - __data_start)

.igot.plt       0x1ffe8d24        0x0 load address 0x0c002f98
 .igot.plt      0x00000000        0x0 ./sensor/Sensor.o

.bss            0x1ffe8d24       0x24 load address 0x0c002f98
                0x1ffe8d24                . = ALIGN (0x4)
                0x1ffe8d24                __bss_start = .
 *(.bss)
 *(.bss*)
 .bss.hall      0x1ffe8d24        0xc ./sensor/Sensor_Hall.o
                0x1ffe8d24                hall
 .bss.motorDirection
                0x1ffe8d30        0x1 ./sensor/Sensor_Hall.o
 *fill*         0x1ffe8d31        0x3 
 .bss.Channel_A_res_config
                0x1ffe8d34        0x4 ./sensor/Sensor_Temperature.o
                0x1ffe8d34                Channel_A_res_config
 .bss.currentPattern
                0x1ffe8d38        0x4 ./motor/Motor.o
                0x1ffe8d38                currentPattern
 *(COMMON)
 COMMON         0x1ffe8d3c        0x7 ./sensor/Sensor.o
                0x1ffe8d3c                SensorHallCallback
                0x1ffe8d40                ActiveHallPattern
 *fill*         0x1ffe8d43        0x1 
 COMMON         0x1ffe8d44        0x3 ./sensor/Sensor_Temperature.o
                0x1ffe8d44                SensorVoltages
                0x1ffe8d46                MeasurementRunning
 *(.gnu.linkonce.b*)
                0x1ffe8d48                . = ALIGN (0x4)
 *fill*         0x1ffe8d47        0x1 
                0x1ffe8d48                __bss_end = .
                0x00000024                __bss_size = (__bss_end - __bss_start)
                0x000172b8                __shift_loc = (__bss_end >= ORIGIN (DSRAM_1_system))?0x0:(ORIGIN (DSRAM_1_system) - __bss_end)

USB_RAM         0x20000000        0x0
                0x20000000                . = ALIGN (0x4)
                0x20000000                USB_RAM_start = .
 *(USB_RAM)
                0x20000000                . = ALIGN (0x4)
                0x20000000                USB_RAM_end = .
                0x00000000                USB_RAM_size = (USB_RAM_end - USB_RAM_start)

ETH_RAM         0x20000000        0x0
                0x20000000                . = ALIGN (0x4)
                0x20000000                ETH_RAM_start = .
 *(ETH_RAM)
                0x20000000                . = ALIGN (0x4)
                0x20000000                ETH_RAM_end = .
                0x20000000                . = ALIGN (0x8)
                0x20000000                Heap_Bank1_Start = .
                0x00000000                ETH_RAM_size = (ETH_RAM_end - ETH_RAM_start)

.no_init        0x2003ffc0       0x14
                0x2003ffc0                Heap_Bank1_End = .
 *(.no_init)
 .no_init       0x2003ffc0       0x14 ./Startup/system_XMC4800.o
                0x2003ffc0                SystemCoreClock
                0x2003ffc4                g_chipid
                0x0003ffc0                Heap_Bank1_Size = (Heap_Bank1_End - Heap_Bank1_Start)
                0x00000001                ASSERT ((Heap_Bank1_Start <= Heap_Bank1_End), region SRAM_combined overflowed no_init section)

/DISCARD/
 *(.comment)

.stab
 *(.stab)

.stabstr
 *(.stabstr)

.debug
 *(.debug)

.line
 *(.line)

.debug_srcinfo
 *(.debug_srcinfo)

.debug_sfnames
 *(.debug_sfnames)

.debug_aranges  0x00000000      0xc08
 *(.debug_aranges)
 .debug_aranges
                0x00000000       0x60 ./sensor/Sensor.o
 .debug_aranges
                0x00000060       0xf0 ./sensor/Sensor_Hall.o
 .debug_aranges
                0x00000150       0xa0 ./sensor/Sensor_QuadratureDecoder.o
 .debug_aranges
                0x000001f0       0xa0 ./sensor/Sensor_Temperature.o
 .debug_aranges
                0x00000290       0x38 ./motor/Motor.o
 .debug_aranges
                0x000002c8       0x30 ./motor/Motor_PWMSchemes.o
 .debug_aranges
                0x000002f8       0x20 ./Startup/startup_XMC4800.o
 .debug_aranges
                0x00000318       0x48 ./Startup/system_XMC4800.o
 .debug_aranges
                0x00000360       0x28 ./Libraries/XMCLib/src/xmc4_gpio.o
 .debug_aranges
                0x00000388      0x3f0 ./Libraries/XMCLib/src/xmc4_scu.o
 .debug_aranges
                0x00000778      0x138 ./Libraries/XMCLib/src/xmc_ccu4.o
 .debug_aranges
                0x000008b0       0x28 ./Libraries/XMCLib/src/xmc_gpio.o
 .debug_aranges
                0x000008d8       0x60 ./Libraries/XMCLib/src/xmc_posif.o
 .debug_aranges
                0x00000938      0x288 ./Libraries/XMCLib/src/xmc_vadc.o
 .debug_aranges
                0x00000bc0       0x28 ./Libraries/Newlib/syscalls.o
 .debug_aranges
                0x00000be8       0x20 ./main.o

.debug_pubnames
 *(.debug_pubnames)

.debug_pubtypes
 *(.debug_pubtypes)

.debug_info     0x00000000     0xecf6
 *(.debug_info .gnu.linkonce.wi.*)
 .debug_info    0x00000000      0x294 ./sensor/Sensor.o
 .debug_info    0x00000294     0x1b42 ./sensor/Sensor_Hall.o
 .debug_info    0x00001dd6     0x1915 ./sensor/Sensor_QuadratureDecoder.o
 .debug_info    0x000036eb     0x229d ./sensor/Sensor_Temperature.o
 .debug_info    0x00005988      0x52d ./motor/Motor.o
 .debug_info    0x00005eb5      0x392 ./motor/Motor_PWMSchemes.o
 .debug_info    0x00006247       0x63 ./Startup/startup_XMC4800.o
 .debug_info    0x000062aa      0x942 ./Startup/system_XMC4800.o
 .debug_info    0x00006bec      0x422 ./Libraries/XMCLib/src/xmc4_gpio.o
 .debug_info    0x0000700e     0x23fa ./Libraries/XMCLib/src/xmc4_scu.o
 .debug_info    0x00009408     0x167b ./Libraries/XMCLib/src/xmc_ccu4.o
 .debug_info    0x0000aa83      0x39d ./Libraries/XMCLib/src/xmc_gpio.o
 .debug_info    0x0000ae20      0xb7a ./Libraries/XMCLib/src/xmc_posif.o
 .debug_info    0x0000b99a     0x3137 ./Libraries/XMCLib/src/xmc_vadc.o
 .debug_info    0x0000ead1      0x11f ./Libraries/Newlib/syscalls.o
 .debug_info    0x0000ebf0      0x106 ./main.o

.debug_abbrev   0x00000000     0x1995
 *(.debug_abbrev)
 .debug_abbrev  0x00000000      0x124 ./sensor/Sensor.o
 .debug_abbrev  0x00000124      0x2be ./sensor/Sensor_Hall.o
 .debug_abbrev  0x000003e2      0x222 ./sensor/Sensor_QuadratureDecoder.o
 .debug_abbrev  0x00000604      0x26b ./sensor/Sensor_Temperature.o
 .debug_abbrev  0x0000086f      0x184 ./motor/Motor.o
 .debug_abbrev  0x000009f3      0x145 ./motor/Motor_PWMSchemes.o
 .debug_abbrev  0x00000b38       0x14 ./Startup/startup_XMC4800.o
 .debug_abbrev  0x00000b4c      0x1a1 ./Startup/system_XMC4800.o
 .debug_abbrev  0x00000ced      0x11b ./Libraries/XMCLib/src/xmc4_gpio.o
 .debug_abbrev  0x00000e08      0x2a7 ./Libraries/XMCLib/src/xmc4_scu.o
 .debug_abbrev  0x000010af      0x1fc ./Libraries/XMCLib/src/xmc_ccu4.o
 .debug_abbrev  0x000012ab      0x10c ./Libraries/XMCLib/src/xmc_gpio.o
 .debug_abbrev  0x000013b7      0x227 ./Libraries/XMCLib/src/xmc_posif.o
 .debug_abbrev  0x000015de      0x266 ./Libraries/XMCLib/src/xmc_vadc.o
 .debug_abbrev  0x00001844       0xbd ./Libraries/Newlib/syscalls.o
 .debug_abbrev  0x00001901       0x94 ./main.o

.debug_line     0x00000000     0x3b96
 *(.debug_line)
 .debug_line    0x00000000      0x1d2 ./sensor/Sensor.o
 .debug_line    0x000001d2      0x492 ./sensor/Sensor_Hall.o
 .debug_line    0x00000664      0x388 ./sensor/Sensor_QuadratureDecoder.o
 .debug_line    0x000009ec      0x3db ./sensor/Sensor_Temperature.o
 .debug_line    0x00000dc7      0x295 ./motor/Motor.o
 .debug_line    0x0000105c      0x1c2 ./motor/Motor_PWMSchemes.o
 .debug_line    0x0000121e       0x87 ./Startup/startup_XMC4800.o
 .debug_line    0x000012a5      0x2b2 ./Startup/system_XMC4800.o
 .debug_line    0x00001557      0x1b5 ./Libraries/XMCLib/src/xmc4_gpio.o
 .debug_line    0x0000170c      0xda0 ./Libraries/XMCLib/src/xmc4_scu.o
 .debug_line    0x000024ac      0x5cc ./Libraries/XMCLib/src/xmc_ccu4.o
 .debug_line    0x00002a78      0x1a3 ./Libraries/XMCLib/src/xmc_gpio.o
 .debug_line    0x00002c1b      0x2cd ./Libraries/XMCLib/src/xmc_posif.o
 .debug_line    0x00002ee8      0xa8c ./Libraries/XMCLib/src/xmc_vadc.o
 .debug_line    0x00003974       0xbd ./Libraries/Newlib/syscalls.o
 .debug_line    0x00003a31      0x165 ./main.o

.debug_frame    0x00000000     0x33e8
 *(.debug_frame)
 .debug_frame   0x00000000      0x154 ./sensor/Sensor.o
 .debug_frame   0x00000154      0x420 ./sensor/Sensor_Hall.o
 .debug_frame   0x00000574      0x284 ./sensor/Sensor_QuadratureDecoder.o
 .debug_frame   0x000007f8      0x28c ./sensor/Sensor_Temperature.o
 .debug_frame   0x00000a84       0x98 ./motor/Motor.o
 .debug_frame   0x00000b1c       0x88 ./motor/Motor_PWMSchemes.o
 .debug_frame   0x00000ba4       0xec ./Startup/system_XMC4800.o
 .debug_frame   0x00000c90       0x60 ./Libraries/XMCLib/src/xmc4_gpio.o
 .debug_frame   0x00000cf0     0x1290 ./Libraries/XMCLib/src/xmc4_scu.o
 .debug_frame   0x00001f80      0x5b0 ./Libraries/XMCLib/src/xmc_ccu4.o
 .debug_frame   0x00002530       0x60 ./Libraries/XMCLib/src/xmc_gpio.o
 .debug_frame   0x00002590      0x178 ./Libraries/XMCLib/src/xmc_posif.o
 .debug_frame   0x00002708      0xc28 ./Libraries/XMCLib/src/xmc_vadc.o
 .debug_frame   0x00003330       0x5c ./Libraries/Newlib/syscalls.o
 .debug_frame   0x0000338c       0x30 ./main.o
 .debug_frame   0x000033bc       0x2c c:/davev4-64bit/dave-4.3.2/eclipse/arm-gcc-49/bin/../lib/gcc/arm-none-eabi/4.9.3/../../../../arm-none-eabi/lib/armv7e-m/softfp\libg_nano.a(lib_a-init.o)

.debug_str      0x00000000     0x87c4
 *(.debug_str)
 .debug_str     0x00000000      0x2f7 ./sensor/Sensor.o
                                0x33d (size before relaxing)
 .debug_str     0x000002f7     0x200d ./sensor/Sensor_Hall.o
                               0x22a5 (size before relaxing)
 .debug_str     0x00002304      0x465 ./sensor/Sensor_QuadratureDecoder.o
                               0x21db (size before relaxing)
 .debug_str     0x00002769     0x1939 ./sensor/Sensor_Temperature.o
                               0x22be (size before relaxing)
 .debug_str     0x000040a2       0x91 ./motor/Motor.o
                                0x843 (size before relaxing)
 .debug_str     0x00004133       0x48 ./motor/Motor_PWMSchemes.o
                                0x2bd (size before relaxing)
 .debug_str     0x0000417b      0x333 ./Startup/system_XMC4800.o
                                0x5a6 (size before relaxing)
 .debug_str     0x000044ae       0x4d ./Libraries/XMCLib/src/xmc4_gpio.o
                                0x74a (size before relaxing)
 .debug_str     0x000044fb     0x23e5 ./Libraries/XMCLib/src/xmc4_scu.o
                               0x28e0 (size before relaxing)
 .debug_str     0x000068e0      0x8f4 ./Libraries/XMCLib/src/xmc_ccu4.o
                               0x1c74 (size before relaxing)
 .debug_str     0x000071d4       0xca ./Libraries/XMCLib/src/xmc_gpio.o
                                0x5f8 (size before relaxing)
 .debug_str     0x0000729e      0x1cc ./Libraries/XMCLib/src/xmc_posif.o
                                0xfe8 (size before relaxing)
 .debug_str     0x0000746a     0x12e1 ./Libraries/XMCLib/src/xmc_vadc.o
                               0x2d1e (size before relaxing)
 .debug_str     0x0000874b       0x6f ./Libraries/Newlib/syscalls.o
                                0x1fe (size before relaxing)
 .debug_str     0x000087ba        0xa ./main.o
                                0x201 (size before relaxing)

.debug_loc      0x00000000     0x6d68
 *(.debug_loc)
 .debug_loc     0x00000000      0x294 ./sensor/Sensor.o
 .debug_loc     0x00000294      0x8f4 ./sensor/Sensor_Hall.o
 .debug_loc     0x00000b88      0x538 ./sensor/Sensor_QuadratureDecoder.o
 .debug_loc     0x000010c0      0x514 ./sensor/Sensor_Temperature.o
 .debug_loc     0x000015d4      0x104 ./motor/Motor.o
 .debug_loc     0x000016d8      0x108 ./motor/Motor_PWMSchemes.o
 .debug_loc     0x000017e0      0x1a4 ./Startup/system_XMC4800.o
 .debug_loc     0x00001984       0xb8 ./Libraries/XMCLib/src/xmc4_gpio.o
 .debug_loc     0x00001a3c     0x26dc ./Libraries/XMCLib/src/xmc4_scu.o
 .debug_loc     0x00004118      0xc90 ./Libraries/XMCLib/src/xmc_ccu4.o
 .debug_loc     0x00004da8       0xb8 ./Libraries/XMCLib/src/xmc_gpio.o
 .debug_loc     0x00004e60      0x318 ./Libraries/XMCLib/src/xmc_posif.o
 .debug_loc     0x00005178     0x1b24 ./Libraries/XMCLib/src/xmc_vadc.o
 .debug_loc     0x00006c9c       0x94 ./Libraries/Newlib/syscalls.o
 .debug_loc     0x00006d30       0x38 ./main.o

.debug_macinfo
 *(.debug_macinfo)

.debug_ranges   0x00000000      0xaf8
 *(.debug_ranges)
 .debug_ranges  0x00000000       0x50 ./sensor/Sensor.o
 .debug_ranges  0x00000050       0xe0 ./sensor/Sensor_Hall.o
 .debug_ranges  0x00000130       0x90 ./sensor/Sensor_QuadratureDecoder.o
 .debug_ranges  0x000001c0       0x90 ./sensor/Sensor_Temperature.o
 .debug_ranges  0x00000250       0x28 ./motor/Motor.o
 .debug_ranges  0x00000278       0x20 ./motor/Motor_PWMSchemes.o
 .debug_ranges  0x00000298       0x38 ./Startup/system_XMC4800.o
 .debug_ranges  0x000002d0       0x18 ./Libraries/XMCLib/src/xmc4_gpio.o
 .debug_ranges  0x000002e8      0x3e0 ./Libraries/XMCLib/src/xmc4_scu.o
 .debug_ranges  0x000006c8      0x128 ./Libraries/XMCLib/src/xmc_ccu4.o
 .debug_ranges  0x000007f0       0x18 ./Libraries/XMCLib/src/xmc_gpio.o
 .debug_ranges  0x00000808       0x50 ./Libraries/XMCLib/src/xmc_posif.o
 .debug_ranges  0x00000858      0x278 ./Libraries/XMCLib/src/xmc_vadc.o
 .debug_ranges  0x00000ad0       0x18 ./Libraries/Newlib/syscalls.o
 .debug_ranges  0x00000ae8       0x10 ./main.o

.debug_weaknames
 *(.debug_weaknames)

.debug_funcnames
 *(.debug_funcnames)

.debug_typenames
 *(.debug_typenames)

.debug_varnames
 *(.debug_varnames)

.build_attributes
                0x00000000      0x3f6
 *(.ARM.attributes)
 .ARM.attributes
                0x00000000       0x37 ./sensor/Sensor.o
 .ARM.attributes
                0x00000037       0x37 ./sensor/Sensor_Hall.o
 .ARM.attributes
                0x0000006e       0x37 ./sensor/Sensor_QuadratureDecoder.o
 .ARM.attributes
                0x000000a5       0x37 ./sensor/Sensor_Temperature.o
 .ARM.attributes
                0x000000dc       0x37 ./motor/Motor.o
 .ARM.attributes
                0x00000113       0x37 ./motor/Motor_PWMSchemes.o
 .ARM.attributes
                0x0000014a       0x25 ./Startup/startup_XMC4800.o
 .ARM.attributes
                0x0000016f       0x37 ./Startup/system_XMC4800.o
 .ARM.attributes
                0x000001a6       0x37 ./Libraries/XMCLib/src/xmc4_gpio.o
 .ARM.attributes
                0x000001dd       0x37 ./Libraries/XMCLib/src/xmc4_scu.o
 .ARM.attributes
                0x00000214       0x37 ./Libraries/XMCLib/src/xmc_ccu4.o
 .ARM.attributes
                0x0000024b       0x37 ./Libraries/XMCLib/src/xmc_gpio.o
 .ARM.attributes
                0x00000282       0x37 ./Libraries/XMCLib/src/xmc_posif.o
 .ARM.attributes
                0x000002b9       0x37 ./Libraries/XMCLib/src/xmc_vadc.o
 .ARM.attributes
                0x000002f0       0x37 ./Libraries/Newlib/syscalls.o
 .ARM.attributes
                0x00000327       0x37 ./main.o
 .ARM.attributes
                0x0000035e       0x22 c:/davev4-64bit/dave-4.3.2/eclipse/arm-gcc-49/bin/../lib/gcc/arm-none-eabi/4.9.3/armv7e-m/softfp\libgcc.a(_arm_addsubdf3.o)
 .ARM.attributes
                0x00000380       0x22 c:/davev4-64bit/dave-4.3.2/eclipse/arm-gcc-49/bin/../lib/gcc/arm-none-eabi/4.9.3/armv7e-m/softfp\libgcc.a(_arm_muldivdf3.o)
 .ARM.attributes
                0x000003a2       0x22 c:/davev4-64bit/dave-4.3.2/eclipse/arm-gcc-49/bin/../lib/gcc/arm-none-eabi/4.9.3/armv7e-m/softfp\libgcc.a(_arm_cmpdf2.o)
 .ARM.attributes
                0x000003c4       0x32 c:/davev4-64bit/dave-4.3.2/eclipse/arm-gcc-49/bin/../lib/gcc/arm-none-eabi/4.9.3/../../../../arm-none-eabi/lib/armv7e-m/softfp\libg_nano.a(lib_a-init.o)
OUTPUT(MotorXP.elf elf32-littlearm)
